now sast gave this :: [ec2-user@ip-172-31-25-160 Vuln_Prism]$ docker compose ps -a
NAME                            IMAGE                         COMMAND
vuln_prism-chatbot-frontend-1   vuln_prism-chatbot-frontend   "python backend.py"      000/tcp
vuln_prism-cyberscythe-1        vuln_prism-cyberscythe        "uvicorn app.main:ap…"   051/tcp
vuln_prism-sast-1               vuln_prism-sast               "/usr/bin/tini -- uv…"   050/tcp
[ec2-user@ip-172-31-25-160 Vuln_Prism]$ docker logs vuln_prism-sast-1 -f &
[1] 68260
[ec2-user@ip-172-31-25-160 Vuln_Prism]$ 2025-07-23 22:55:05,107 [INFO] app.main: 🚀 SAST service running in stateless mode - no database or cache dependencies
INFO:     Started server process [7]
INFO:     Waiting for application startup.
INFO:     Application startup complete.
INFO:     Uvicorn running on http://0.0.0.0:5050 (Press CTRL+C to quit)
INFO:     127.0.0.1:35168 - "GET /health HTTP/1.1" 200 OK
INFO:     127.0.0.1:59466 - "GET /health HTTP/1.1" 200 OK
INFO:     127.0.0.1:50984 - "GET /health HTTP/1.1" 200 OK
INFO:     127.0.0.1:57948 - "GET /health HTTP/1.1" 200 OK
INFO:     127.0.0.1:52346 - "GET /health HTTP/1.1" 200 OK
INFO:     127.0.0.1:50738 - "GET /health HTTP/1.1" 200 OK
INFO:     103.48.70.167:64697 - "GET / HTTP/1.1" 200 OK
INFO:     103.48.70.167:64697 - "GET /favicon.ico HTTP/1.1" 404 Not Found
INFO:     127.0.0.1:50542 - "GET /health HTTP/1.1" 200 OK
2025-07-23 22:58:41,263 [INFO] app.main: Cloning repo: https://github.com/furkhan-2000/Hospital-Proj.git
2025-07-23 22:58:41,637 [INFO] app.main: 🚀 Starting comprehensive SAST scan for target: https://github.com/furkhan-2000/Hospital-Proj.git at 2025-07-23 22:58:41
2025-07-23 22:58:41,639 [INFO] app.scan_engine: Source analysis: {'file_count': 47, 'total_size': 117027, 'extensions': {'.idx', '.pack', '.py', '.yaml', '.md', '.html', '.txt', '.sample'}, 'has_code': True}
2025-07-23 22:58:41,640 [INFO] app.scan_engine: No valid requirements.txt; skipping pip-audit.
2025-07-23 22:58:41,641 [INFO] app.scan_engine: Running semgrep (attempt 1/6): semgrep --json --metrics=off --timeout 600 --output /home/jenkins/scan_results_aaa7c7b1-ae0a-43c0-8919-f32cbe1f1b60/semgrep.json /home/jenkins/aaa7c7b1-ae0a-43c0-8919-f32cbe1f1b60/source --config p/all --config p/security-audit --config p/owasp-top-10 --config p/python-security
2025-07-23 22:58:41,642 [INFO] app.scan_engine: Running bandit (attempt 1/6): bandit -r /home/jenkins/aaa7c7b1-ae0a-43c0-8919-f32cbe1f1b60/source -f json -o /home/jenkins/scan_results_aaa7c7b1-ae0a-43c0-8919-f32cbe1f1b60/bandit.json
2025-07-23 22:58:41,643 [INFO] app.scan_engine: Running trivy (attempt 1/6): trivy fs --format json --output /home/jenkins/scan_results_aaa7c7b1-ae0a-43c0-8919-f32cbe1f1b60/trivy.json /home/jenkins/aaa7c7b1-ae0a-43c0-8919-f32cbe1f1b60/source
2025-07-23 22:58:44,097 [INFO] app.scan_engine: bandit exit code 1
2025-07-23 22:58:44,098 [INFO] app.scan_engine: Running gitleaks (attempt 1/6): gitleaks detect --source /home/jenkins/aaa7c7b1-ae0a-43c0-8919-f32cbe1f1b60/source --report-path /home/jenkins/scan_results_aaa7c7b1-ae0a-43c0-8919-f32cbe1f1b60/gitleaks.json --report-format json
2025-07-23 22:58:44,338 [INFO] app.scan_engine: gitleaks exit code 0
2025-07-23 22:58:44,339 [INFO] app.scan_engine: Running dependency-check (attempt 1/6): /usr/local/bin/dependency-check.sh -s /home/jenkins/aaa7c7b1-ae0a-43c0-8919-f32cbe1f1b60/source -f XML -o /home/jenkins/scan_results_aaa7c7b1-ae0a-43c0-8919-f32cbe1f1b60/depcheck --prettyPrint
2025-07-23 22:58:48,217 [INFO] app.scan_engine: dependency-check exit code 13
2025-07-23 22:58:48,218 [WARNING] app.scan_engine: dependency-check produced no valid output on attempt 1
2025-07-23 22:58:50,083 [INFO] app.scan_engine: Running dependency-check (attempt 2/6): /usr/local/bin/dependency-check.sh -s /home/jenkins/aaa7c7b1-ae0a-43c0-8919-f32cbe1f1b60/source -f XML -o /home/jenkins/scan_results_aaa7c7b1-ae0a-43c0-8919-f32cbe1f1b60/depcheck --prettyPrint
2025-07-23 22:58:52,753 [INFO] app.scan_engine: dependency-check exit code 13
2025-07-23 22:58:52,754 [WARNING] app.scan_engine: dependency-check produced no valid output on attempt 2
2025-07-23 22:58:52,966 [INFO] app.scan_engine: semgrep exit code 7
2025-07-23 22:58:54,866 [INFO] app.scan_engine: Running dependency-check (attempt 3/6): /usr/local/bin/dependency-check.sh -s /home/jenkins/aaa7c7b1-ae0a-43c0-8919-f32cbe1f1b60/source -f XML -o /home/jenkins/scan_results_aaa7c7b1-ae0a-43c0-8919-f32cbe1f1b60/depcheck --prettyPrint
2025-07-23 22:58:57,473 [INFO] app.scan_engine: dependency-check exit code 13
2025-07-23 22:58:57,473 [WARNING] app.scan_engine: dependency-check produced no valid output on attempt 3
2025-07-23 22:59:00,608 [INFO] app.scan_engine: trivy exit code 0
2025-07-23 22:59:01,639 [INFO] app.scan_engine: Running dependency-check (attempt 4/6): /usr/local/bin/dependency-check.sh -s /home/jenkins/aaa7c7b1-ae0a-43c0-8919-f32cbe1f1b60/source -f XML -o /home/jenkins/scan_results_aaa7c7b1-ae0a-43c0-8919-f32cbe1f1b60/depcheck --prettyPrint
2025-07-23 22:59:03,535 [INFO] app.scan_engine: dependency-check exit code 13
2025-07-23 22:59:03,535 [WARNING] app.scan_engine: dependency-check produced no valid output on attempt 4
2025-07-23 22:59:11,640 [INFO] app.scan_engine: Running dependency-check (attempt 5/6): /usr/local/bin/dependency-check.sh -s /home/jenkins/aaa7c7b1-ae0a-43c0-8919-f32cbe1f1b60/source -f XML -o /home/jenkins/scan_results_aaa7c7b1-ae0a-43c0-8919-f32cbe1f1b60/depcheck --prettyPrint
2025-07-23 22:59:13,068 [INFO] app.scan_engine: dependency-check exit code 13
2025-07-23 22:59:13,069 [WARNING] app.scan_engine: dependency-check produced no valid output on attempt 5
2025-07-23 22:59:29,081 [INFO] app.scan_engine: Running dependency-check (attempt 6/6): /usr/local/bin/dependency-check.sh -s /home/jenkins/aaa7c7b1-ae0a-43c0-8919-f32cbe1f1b60/source -f XML -o /home/jenkins/scan_results_aaa7c7b1-ae0a-43c0-8919-f32cbe1f1b60/depcheck --prettyPrint
2025-07-23 22:59:30,583 [INFO] app.scan_engine: dependency-check exit code 13
2025-07-23 22:59:30,583 [WARNING] app.scan_engine: dependency-check produced no valid output on attempt 6
2025-07-23 23:00:03,537 [ERROR] app.scan_engine: dependency-check failed after 6 attempts
2025-07-23 23:00:03,537 [WARNING] app.scan_engine: dependency-check: skipped (no output or error)
2025-07-23 23:00:03,538 [INFO] app.main: ✅ SAST scan completed in 81.90 seconds - Found 8 issues
2025-07-23 23:00:03,538 [INFO] app.main: 📊 Scan completed - proceeding to PDF generation
2025-07-23 23:00:03,538 [INFO] app.main: 📄 Starting PDF report generation for 8 issues
2025-07-23 23:00:03,559 [INFO] app.main: ✅ PDF report generated successfully in 0.02 seconds
INFO:     103.48.70.167:64698 - "POST /scan HTTP/1.1" 200 OK
INFO:     127.0.0.1:56988 - "GET /health HTTP/1.1" 200 OK
INFO:     127.0.0.1:44338 - "GET /health HTTP/1.1" 200 OK
and in report pdf it gave this ::: VulnPrism SAST/SCA Report
 Target: https://github.com/furkhan-2000/Hospital-Proj.git
 Severity Count
 Critical 0
 High 1
 Medium 7
 Low 0
 Info 0
 Severity Rule File Line Description
 High CVE-2024-28219 urine-report-check/requireme
 nts.txt N/A python-pillow: buffer overflow in
 _imagingcms.c
 Medium B104
 /home/jenkins/aaa7c7b1-ae0
 a-43c0-8919-f32cbe1f1b60/s
 ource/blood-report-check/app
 .py
 137 Possible binding to all interfaces.
 Medium B104
 /home/jenkins/aaa7c7b1-ae0
 a-43c0-8919-f32cbe1f1b60/s
 ource/urine-report-check/app.
 py
 609 Possible binding to all interfaces.
 Medium CVE-2024-6839 urine-report-check/requireme
 nts.txt N/A corydolphin/flask-cors version 4.0.1
 contains an improper regex path m ...
 Medium CVE-2024-6844 urine-report-check/requireme
 nts.txt N/A A vulnerability in corydolphin/flask-cors
 version 4.0.1 allows for inc ...
 Medium CVE-2024-6866 urine-report-check/requireme
 nts.txt N/A corydolphin/flask-cors version 4.01
 contains a vulnerability where the ...
 Medium CVE-2024-49766 urine-report-check/requireme
 nts.txt N/A werkzeug: python-werkzeug: Werkzeug
 safe_join not safe on Windows
 Medium CVE-2024-49767 urine-report-check/requireme
 nts.txt N/A
 werkzeug: python-werkzeug: Werkzeug
 possible resource exhaustion when
 parsing file data in forms

 in cyber:: 
 it dosent create any report it only display this 
 Scan complete. No vulnerabilities found for N/A. Scanned 1 URLs.
 but i need it also to create a report format and all likehow sast did 
 and the logs for cyber is here [ec2-user@ip-172-31-25-160 Vuln_Prism]$ ls
BUILD_GUIDE.md  build.sh                   docker-compose.yml  sast
CYBERSCYTHE     chatbot-frontend           error               test_services.py
build.bat       docker-compose-simple.yml  kubernetes_deps
[ec2-user@ip-172-31-25-160 Vuln_Prism]$ docker compose ps -a
NAME                            IMAGE                         COMMAND                  SERVICE            CREATED         STATUS                   PORTS
vuln_prism-chatbot-frontend-1   vuln_prism-chatbot-frontend   "python backend.py"      chatbot-frontend   7 minutes ago   Up 7 minutes             0.0.0.0:3000->3000/tcp, [::]:3000->3000/tcp
vuln_prism-cyberscythe-1        vuln_prism-cyberscythe        "uvicorn app.main:ap…"   cyberscythe        7 minutes ago   Up 7 minutes (healthy)   0.0.0.0:5051->5051/tcp, [::]:5051->5051/tcp
vuln_prism-sast-1               vuln_prism-sast               "/usr/bin/tini -- uv…"   sast               7 minutes ago   Up 7 minutes (healthy)   0.0.0.0:5050->5050/tcp, [::]:5050->5050/tcp
[ec2-user@ip-172-31-25-160 Vuln_Prism]$ docker logs INFO:     127.0.0.1:53442 - "GET /health HTTP/1.1" 200 OK
vuln_prism-cyberscythe-1 -f &
[2] 70508
[ec2-user@ip-172-31-25-160 Vuln_Prism]$ 2025-07-23 22:55:06.786 | INFO     | app.main:<module>:54 - 🚀 CyberScythe running in stateless mode - no database or cache dependencies
INFO:     Started server process [1]
INFO:     Waiting for application startup.
INFO:     Application startup complete.
INFO:     Uvicorn running on http://0.0.0.0:5051 (Press CTRL+C to quit)
INFO:     127.0.0.1:41224 - "GET /health HTTP/1.1" 200 OK
INFO:     127.0.0.1:45340 - "GET /health HTTP/1.1" 200 OK
INFO:     127.0.0.1:40376 - "GET /health HTTP/1.1" 200 OK
INFO:     127.0.0.1:34834 - "GET /health HTTP/1.1" 200 OK
INFO:     127.0.0.1:59694 - "GET /health HTTP/1.1" 200 OK
INFO:     127.0.0.1:59632 - "GET /health HTTP/1.1" 200 OK
INFO:     127.0.0.1:58820 - "GET /health HTTP/1.1" 200 OK
INFO:     127.0.0.1:57276 - "GET /health HTTP/1.1" 200 OK
INFO:     127.0.0.1:45472 - "GET /health HTTP/1.1" 200 OK
INFO:     127.0.0.1:59288 - "GET /health HTTP/1.1" 200 OK
INFO:     127.0.0.1:38290 - "GET /health HTTP/1.1" 200 OK
2025-07-23 23:01:01.486 | INFO     | app.main:root:150 - 🌐 Root endpoint accessed - serving index.html directly
INFO:     103.48.70.167:64803 - "GET / HTTP/1.1" 200 OK
INFO:     103.48.70.167:64803 - "GET /static/app.js HTTP/1.1" 200 OK
INFO:     103.48.70.167:64803 - "GET /favicon.ico HTTP/1.1" 404 Not Found
INFO:     127.0.0.1:35890 - "GET /health HTTP/1.1" 200 OK
INFO:     127.0.0.1:32768 - "GET /health HTTP/1.1" 200 OK
INFO:     127.0.0.1:58198 - "GET /health HTTP/1.1" 200 OK
INFO:     127.0.0.1:56218 - "GET /health HTTP/1.1" 200 OK
2025-07-23 23:03:04.617 | INFO     | app.main:scan:176 - 🚀 Starting CyberScythe DAST scan for target: https://pixabay.com/ at 2025-07-23 23:03:04
2025-07-23 23:03:04.934 | INFO     | app.aggressive_scanner.scanner:perform_scan:109 - 🚀 Starting comprehensive scan for: https://pixabay.com/
2025-07-23 23:03:08.107 | INFO     | app.aggressive_scanner.browser_scanner:aggressive_run:113 - Navigating to https://pixabay.com/ for initial analysis.
2025-07-23 23:03:08.551 | INFO     | app.aggressive_scanner.browser_scanner:aggressive_run:122 - Performing static analysis on https://pixabay.com/
2025-07-23 23:03:13.103 | INFO     | app.aggressive_scanner.browser_scanner:aggressive_run:134 - Starting dynamic form injection for https://pixabay.com/
2025-07-23 23:03:13.229 | INFO     | app.aggressive_scanner.browser_scanner:aggressive_run:184 - Browser scan complete for https://pixabay.com/
2025-07-23 23:03:13.530 | INFO     | app.aggressive_scanner.scanner:perform_scan:112 - ✅ Scan completed for https://pixabay.com/ - Found 0 vulnerabilities, 0 errors
2025-07-23 23:03:13.531 | INFO     | app.aggressive_scanner.scanner:report:89 -
=== SCAN REPORT ===
2025-07-23 23:03:13.532 | INFO     | app.aggressive_scanner.scanner:report:90 - Scanned URLs: 1
2025-07-23 23:03:13.533 | INFO     | app.aggressive_scanner.scanner:report:91 - Vulnerabilities found: 0
2025-07-23 23:03:13.533 | INFO     | app.aggressive_scanner.scanner:report:92 - Errors encountered: 0
2025-07-23 23:03:13.534 | INFO     | app.aggressive_scanner.scanner:report:94 - [Missing Security Headers] https://pixabay.com/ Parameter: N/A Payload: N/A
2025-07-23 23:03:13.534 | INFO     | app.aggressive_scanner.scanner:report:94 - [Insecure Cookie (Missing HttpOnly Flag)] https://pixabay.com/ Parameter: __cf_bm Payload: Missing HttpOnly Flag
2025-07-23 23:03:13.535 | INFO     | app.aggressive_scanner.scanner:report:94 - [Insecure Cookie (Missing/Weak SameSite Flag)] https://pixabay.com/ Parameter: __cf_bm Payload: Weak SameSite: None
2025-07-23 23:03:13.535 | INFO     | app.main:scan:181 - ✅ CyberScythe scan completed in 8.92 seconds - Found 0 vulnerabilities
2025-07-23 23:03:13.536 | INFO     | app.main:scan:185 - 📄 Starting PDF report generation for 0 vulnerabilities
/app/app/main.py:63: UserWarning: Substituting font arial by core font helvetica
  pdf.set_font('Arial', 'B', 16)
/app/app/main.py:70: UserWarning: Substituting font arial by core font helvetica
  pdf.set_font('Arial', 'B', 12)
/app/app/main.py:75: UserWarning: Substituting font arial by core font helvetica
  pdf.set_font('Arial', '', 10)
/app/app/main.py:88: UserWarning: Substituting font arial by core font helvetica
  pdf.set_font('Arial', 'B', 12)
/app/app/main.py:90: UserWarning: Substituting font arial by core font helvetica
  pdf.set_font('Arial', '', 10)
/app/app/main.py:99: UserWarning: Substituting font arial by core font helvetica
  pdf.set_font('Arial', 'B', 12)
/app/app/main.py:101: UserWarning: Substituting font arial by core font helvetica
  pdf.set_font('Arial', '', 9)
/app/app/main.py:114: UserWarning: Substituting font arial by core font helvetica
  pdf.set_font('Arial', 'B', 10)
/app/app/main.py:116: UserWarning: Substituting font arial by core font helvetica
  pdf.set_font('Arial', '', 9)
2025-07-23 23:03:13.550 | ERROR    | app.main:scan:199 - ❌ PDF generation failed after 0.01 seconds: 'bytearray' object has no attribute 'encode'
2025-07-23 23:03:13.550 | ERROR    | app.main:scan:200 - 📍 PDF error traceback: 'bytearray' object has no attribute 'encode'
2025-07-23 23:03:13.551 | INFO     | app.main:scan:203 - 📋 Returning JSON fallback response
INFO:     103.48.70.167:64907 - "POST /scan HTTP/1.1" 200 OK
INFO:     127.0.0.1:47874 - "GET /health HTTP/1.1" 200 OK
INFO:     127.0.0.1:59252 - "GET /health HTTP/1.1" 200 OK
^C
[ec2-user@ip-172-31-25-160 Vuln_Prism]$ INFO:     127.0.0.1:37898 - "GET /health HTTP/1.1" 200 OK
INFO:     127.0.0.1:37572 - "GET /health HTTP/1.1" 200 OK
